// Jest Snapshot v1, https://goo.gl/fbAQLP

exports[`about.styles Container should match the snapshot 1`] = `
.c0 {
  display: flex;
  align-items: center;
  justify-content: center;
  height: 100vh;
}

<div
  class="c0"
/>
`;

exports[`about.styles Title should match the snapshot 1`] = `
.c0 {
  font-size: 24px;
  font-family: AvertaStd-Bold;
  color: #434645;
  margin-top: 0px;
  font-weight: normal;
  text-transform: none;
  cursor: text;
}

<h1
  class="c0 "
  color="#434645"
  weight="bold"
/>
`;
