// Jest Snapshot v1, https://goo.gl/fbAQLP

exports[`webRoutes.styles Content should match the snapshot 1`] = `
.c0 {
  display: flex;
  width: 100%;
  height: 100%;
  overflow-y: auto;
}

<div
  class="c0"
/>
`;

exports[`webRoutes.styles WebRoutesContainer should match the snapshot with default props 1`] = `
.c0 {
  display: flex;
  flex-direction: column;
  justify-content: space-between;
  min-height: 100vh;
  background-color: #ffffff;
}

<main
  class="c0"
/>
`;
