// Jest Snapshot v1, https://goo.gl/fbAQLP

exports[`TextStyled Component should match the snapshot 1`] = `
.c0 {
  font-size: 12px;
  font-family: Inter-Regular;
  color: #ffffff;
  margin-top: 0px;
  font-weight: normal;
  text-transform: none;
  cursor: text;
}

<p
  class="c0"
>
  Test
</p>
`;
